2026-09-07 05:47:43,888 [INFO] WastePulse.Main: WastePulse starting. BASE_DIR=c:\Users\LOQ\Desktop\hackathon
2026-09-07 05:48:12,487 [WARNING] WastePulse.ESP32Bridge: No ESP32-like serial device found — running in SIMULATION MODE.
2026-09-07 05:49:27,526 [INFO] WastePulse.Main: WastePulse exited normally.
2026-09-07 07:40:03,610 [INFO] WastePulse.Main: WastePulse starting. BASE_DIR=c:\Users\LOQ\Desktop\hackathon
2026-09-07 07:40:24,503 [INFO] WastePulse.Main: WastePulse exited normally.
2026-09-07 07:42:02,858 [INFO] WastePulse.Main: WastePulse starting. BASE_DIR=c:\Users\LOQ\Desktop\hackathon
2026-09-07 07:42:25,391 [INFO] WastePulse.Main: WastePulse exited normally.
2026-09-07 08:10:09,928 [INFO] WastePulse.Main: WastePulse starting. BASE_DIR=C:\Users\LOQ\Desktop\hackathon
2026-09-07 08:10:16,545 [INFO] WastePulse.Main: WastePulse exited normally.
2026-09-07 08:15:03,231 [INFO] WastePulse.Main: WastePulse starting. BASE_DIR=C:\Users\LOQ\Desktop\hackathon
2026-09-07 08:18:01,492 [INFO] WastePulse.Main: WastePulse starting. BASE_DIR=C:\Users\LOQ\Desktop\hackathon
2026-09-07 08:18:04,796 [INFO] WastePulse.Main: WastePulse exited normally.
2026-09-07 08:18:53,977 [INFO] WastePulse.Main: WastePulse starting. BASE_DIR=C:\Users\LOQ\Desktop\hackathon
2026-09-07 08:19:36,760 [INFO] WastePulse.Main: WastePulse exited normally.
2026-09-07 09:07:10,808 [INFO] WastePulse.Main: WastePulse starting. BASE_DIR=C:\Users\LOQ\Desktop\hackathon
2026-09-07 09:07:18,363 [INFO] WastePulse.Main: WastePulse exited normally.
2026-09-07 09:23:00,449 [INFO] WastePulse.Main: WastePulse starting. BASE_DIR=C:\Users\LOQ\Desktop\hackathon
2026-09-07 09:23:19,837 [WARNING] WastePulse.ESP32Bridge: No ESP32-like serial device found — running in SIMULATION MODE.
2026-09-07 09:23:44,004 [INFO] WastePulse.Main: WastePulse exited normally.
2026-09-07 09:30:02,395 [INFO] WastePulse.Main: WastePulse starting. BASE_DIR=C:\Users\LOQ\Desktop\hackathon
2026-09-07 09:31:09,285 [WARNING] WastePulse.ESP32Bridge: No ESP32-like serial device found — running in SIMULATION MODE.
2026-09-07 09:31:16,827 [INFO] WastePulse.Main: WastePulse exited normally.
2026-09-07 14:29:01,531 [INFO] WastePulse.Main: WastePulse starting. BASE_DIR=C:\Users\LOQ\Desktop\hackathon
2026-09-07 14:30:28,754 [WARNING] WastePulse.ESP32Bridge: No ESP32-like serial device found — running in SIMULATION MODE.
2026-09-07 14:31:09,352 [INFO] WastePulse.Main: WastePulse exited normally.
2026-09-07 14:31:45,089 [INFO] WastePulse.Main: WastePulse starting. BASE_DIR=C:\Users\LOQ\Desktop\hackathon
2026-09-07 14:32:41,624 [INFO] WastePulse.Main: WastePulse starting. BASE_DIR=C:\Users\LOQ\Desktop\hackathon
2026-09-07 14:33:14,514 [INFO] WastePulse.Main: WastePulse exited normally.
2026-09-07 14:33:15,860 [INFO] WastePulse.Main: WastePulse exited normally.
2026-09-07 15:08:12,165 [INFO] WastePulse.Main: WastePulse starting. BASE_DIR=C:\Users\LOQ\Desktop\hackathon
2026-09-07 15:08:34,529 [WARNING] WastePulse.ESP32Bridge: No ESP32-like serial device found — running in SIMULATION MODE.
2026-09-07 15:08:53,052 [INFO] WastePulse.Main: WastePulse exited normally.
2026-09-07 15:10:12,372 [INFO] WastePulse.Main: WastePulse starting. BASE_DIR=C:\Users\LOQ\Desktop\hackathon
2026-09-07 15:10:41,782 [WARNING] WastePulse.ESP32Bridge: No ESP32-like serial device found — running in SIMULATION MODE.
2026-09-07 15:10:57,152 [INFO] WastePulse.Main: WastePulse exited normally.
2026-09-09 00:22:29,916 [INFO] WastePulse.Main: WastePulse starting. BASE_DIR=C:\Users\LOQ\Desktop\hackathon
2026-09-09 00:22:41,014 [INFO] WastePulse.Main: WastePulse exited normally.
2026-09-09 02:11:31,916 [INFO] WastePulse.Main: WastePulse starting. BASE_DIR=C:\Users\LOQ\Desktop\hackathon
2026-09-09 02:11:49,573 [WARNING] WastePulse.ESP32Bridge: No ESP32-like serial device found — running in SIMULATION MODE.
2026-09-09 02:12:07,577 [INFO] WastePulse.Main: WastePulse exited normally.
2026-09-09 22:46:19,953 [INFO] WastePulse.Main: WastePulse starting. BASE_DIR=C:\Users\LOQ\Desktop\hackathon
2026-09-09 22:46:45,612 [WARNING] WastePulse.ESP32Bridge: No ESP32-like serial device found — running in SIMULATION MODE.
2026-09-09 22:47:24,048 [INFO] WastePulse.Main: WastePulse exited normally.
2026-09-12 01:02:37,804 [INFO] WastePulse.Main: WastePulse starting. BASE_DIR=D:\hackathon
2026-09-12 01:03:03,232 [WARNING] WastePulse.ESP32Bridge: No ESP32-like serial device found — running in SIMULATION MODE.
2026-09-12 01:05:11,054 [INFO] WastePulse.Main: WastePulse exited normally.
